// Jest Snapshot v1, https://goo.gl/fbAQLP

exports[`Cat sound should play a cat sound 1`] = `
<audio
  data-testid="cat-audio"
>
  <source
    preload="auto"
    src="/catSound.mp3"
  />
</audio>
`;
