// Jest Snapshot v1, https://goo.gl/fbAQLP

exports[`Typing should type \`text\` 1`] = `
<div
  class="main"
  data-testid="typing"
>
  cat
</div>
`;
